
  startup_log.txt:60:	Autocommit mode: undefined/unknown
  startup_log.txt:61:	Isolation level: undefined/unknown
  startup_log.txt:62:	Minimum pool size: undefined/unknown
  startup_log.txt:63:	Maximum pool size: undefined/unknown
  startup_log.txt:64:2025-12-26T16:19:23.145-03:00  INFO 154948 
--- [asamblea-backend] [           main] 
o.h.e.t.j.p.i.JtaPlatformInitiator       : HHH000489: No JTA 
platform available (set 'hibernate.transaction.jta.platform' to 
enable JTA platform integration)
> startup_log.txt:65:2025-12-26T16:19:23.622-03:00  WARN 154948 
--- [asamblea-backend] [           main] 
o.h.t.s.i.ExceptionHandlerLoggedImpl     : GenerationTarget 
encountered exception accepting command : Error executing DDL 
"alter table asambleas modify column id bigint not null 
auto_increment" via JDBC [Cannot change column 'id': used in a 
foreign key constraint 'asignaciones_ibfk_1' of table 
'asamblea_db.asignaciones']
  startup_log.txt:66:
> startup_log.txt:67:org.hibernate.tool.schema.spi.CommandAcceptan
ceException: Error executing DDL "alter table asambleas modify 
column id bigint not null auto_increment" via JDBC [Cannot change 
column 'id': used in a foreign key constraint 
'asignaciones_ibfk_1' of table 'asamblea_db.asignaciones']
  startup_log.txt:68:	at org.hibernate.tool.schema.internal.exec.G
enerationTargetToDatabase.accept(GenerationTargetToDatabase.java:9
4) ~[hibernate-core-6.6.4.Final.jar:6.6.4.Final]
  startup_log.txt:69:	at org.hibernate.tool.schema.internal.Abstra
ctSchemaMigrator.applySqlString(AbstractSchemaMigrator.java:576) 
~[hibernate-core-6.6.4.Final.jar:6.6.4.Final]
  startup_log.txt:70:	at org.hibernate.tool.schema.internal.Abstra
ctSchemaMigrator.applySqlStrings(AbstractSchemaMigrator.java:516) 
~[hibernate-core-6.6.4.Final.jar:6.6.4.Final]
  startup_log.txt:71:	at org.hibernate.tool.schema.internal.Abstra
ctSchemaMigrator.migrateTable(AbstractSchemaMigrator.java:334) 
~[hibernate-core-6.6.4.Final.jar:6.6.4.Final]
  startup_log.txt:72:	at org.hibernate.tool.schema.internal.Groupe
dSchemaMigratorImpl.performTablesMigration(GroupedSchemaMigratorIm
pl.java:84) ~[hibernate-core-6.6.4.Final.jar:6.6.4.Final]
  startup_log.txt:195:	at org.springframework.boot.SpringApplicati
on.refreshContext(SpringApplication.java:439) 
~[spring-boot-3.4.1.jar:3.4.1]
  startup_log.txt:196:	at org.springframework.boot.SpringApplicati
on.run(SpringApplication.java:318) ~[spring-boot-3.4.1.jar:3.4.1]
  startup_log.txt:197:	at org.springframework.boot.SpringApplicati
on.run(SpringApplication.java:1361) ~[spring-boot-3.4.1.jar:3.4.1]
  startup_log.txt:198:	at org.springframework.boot.SpringApplicati
on.run(SpringApplication.java:1350) ~[spring-boot-3.4.1.jar:3.4.1]
  startup_log.txt:199:	at com.asamblea.AsambleaApplication.main(As
ambleaApplication.java:14) ~[classes/:na]
> startup_log.txt:200:Caused by: java.sql.SQLException: Cannot 
change column 'id': used in a foreign key constraint 
'asignaciones_ibfk_1' of table 'asamblea_db.asignaciones'
> startup_log.txt:201:	at com.mysql.cj.jdbc.exceptions.SQLError.cr
eateSQLException(SQLError.java:121) 
~[mysql-connector-j-9.1.0.jar:9.1.0]
  startup_log.txt:202:	at com.mysql.cj.jdbc.exceptions.SQLExceptio
nsMapping.translateException(SQLExceptionsMapping.java:114) 
~[mysql-connector-j-9.1.0.jar:9.1.0]
  startup_log.txt:203:	at com.mysql.cj.jdbc.StatementImpl.executeI
nternal(StatementImpl.java:837) 
~[mysql-connector-j-9.1.0.jar:9.1.0]
  startup_log.txt:204:	at 
com.mysql.cj.jdbc.StatementImpl.execute(StatementImpl.java:685) 
~[mysql-connector-j-9.1.0.jar:9.1.0]
  startup_log.txt:205:	at com.zaxxer.hikari.pool.ProxyStatement.ex
ecute(ProxyStatement.java:94) ~[HikariCP-5.1.0.jar:na]
  startup_log.txt:206:	at com.zaxxer.hikari.pool.HikariProxyStatem
ent.execute(HikariProxyStatement.java) ~[HikariCP-5.1.0.jar:na]
  startup_log.txt:207:	at org.hibernate.tool.schema.internal.exec.
GenerationTargetToDatabase.accept(GenerationTargetToDatabase.java:
80) ~[hibernate-core-6.6.4.Final.jar:6.6.4.Final]
  startup_log.txt:208:	... 131 common frames omitted
  startup_log.txt:209:
> startup_log.txt:210:2025-12-26T16:19:23.629-03:00  WARN 154948 
--- [asamblea-backend] [           main] 
o.h.t.s.i.ExceptionHandlerLoggedImpl     : GenerationTarget 
encountered exception accepting command : Error executing DDL 
"alter table asistencias modify column id_asamblea bigint" via 
JDBC [Cannot change column 'id_asamblea': used in a foreign key 
constraint 'asistencias_ibfk_1']
  startup_log.txt:211:
> startup_log.txt:212:org.hibernate.tool.schema.spi.CommandAccepta
nceException: Error executing DDL "alter table asistencias modify 
column id_asamblea bigint" via JDBC [Cannot change column 
'id_asamblea': used in a foreign key constraint 
'asistencias_ibfk_1']
  startup_log.txt:213:	at org.hibernate.tool.schema.internal.exec.
GenerationTargetToDatabase.accept(GenerationTargetToDatabase.java:
94) ~[hibernate-core-6.6.4.Final.jar:6.6.4.Final]
  startup_log.txt:214:	at org.hibernate.tool.schema.internal.Abstr
actSchemaMigrator.applySqlString(AbstractSchemaMigrator.java:576) 
~[hibernate-core-6.6.4.Final.jar:6.6.4.Final]
  startup_log.txt:215:	at org.hibernate.tool.schema.internal.Abstr
actSchemaMigrator.applySqlStrings(AbstractSchemaMigrator.java:516)
 ~[hibernate-core-6.6.4.Final.jar:6.6.4.Final]
  startup_log.txt:216:	at org.hibernate.tool.schema.internal.Abstr
actSchemaMigrator.migrateTable(AbstractSchemaMigrator.java:334) 
~[hibernate-core-6.6.4.Final.jar:6.6.4.Final]
  startup_log.txt:217:	at org.hibernate.tool.schema.internal.Group
edSchemaMigratorImpl.performTablesMigration(GroupedSchemaMigratorI
mpl.java:84) ~[hibernate-core-6.6.4.Final.jar:6.6.4.Final]
  startup_log.txt:340:	at org.springframework.boot.SpringApplicati
on.refreshContext(SpringApplication.java:439) 
~[spring-boot-3.4.1.jar:3.4.1]
  startup_log.txt:341:	at org.springframework.boot.SpringApplicati
on.run(SpringApplication.java:318) ~[spring-boot-3.4.1.jar:3.4.1]
  startup_log.txt:342:	at org.springframework.boot.SpringApplicati
on.run(SpringApplication.java:1361) ~[spring-boot-3.4.1.jar:3.4.1]
  startup_log.txt:343:	at org.springframework.boot.SpringApplicati
on.run(SpringApplication.java:1350) ~[spring-boot-3.4.1.jar:3.4.1]
  startup_log.txt:344:	at com.asamblea.AsambleaApplication.main(As
ambleaApplication.java:14) ~[classes/:na]
> startup_log.txt:345:Caused by: java.sql.SQLException: Cannot 
change column 'id_asamblea': used in a foreign key constraint 
'asistencias_ibfk_1'
> startup_log.txt:346:	at com.mysql.cj.jdbc.exceptions.SQLError.cr
eateSQLException(SQLError.java:121) 
~[mysql-connector-j-9.1.0.jar:9.1.0]
  startup_log.txt:347:	at com.mysql.cj.jdbc.exceptions.SQLExceptio
nsMapping.translateException(SQLExceptionsMapping.java:114) 
~[mysql-connector-j-9.1.0.jar:9.1.0]
  startup_log.txt:348:	at com.mysql.cj.jdbc.StatementImpl.executeI
nternal(StatementImpl.java:837) 
~[mysql-connector-j-9.1.0.jar:9.1.0]
  startup_log.txt:349:	at 
com.mysql.cj.jdbc.StatementImpl.execute(StatementImpl.java:685) 
~[mysql-connector-j-9.1.0.jar:9.1.0]
  startup_log.txt:350:	at com.zaxxer.hikari.pool.ProxyStatement.ex
ecute(ProxyStatement.java:94) ~[HikariCP-5.1.0.jar:na]
  startup_log.txt:351:	at com.zaxxer.hikari.pool.HikariProxyStatem
ent.execute(HikariProxyStatement.java) ~[HikariCP-5.1.0.jar:na]
  startup_log.txt:352:	at org.hibernate.tool.schema.internal.exec.
GenerationTargetToDatabase.accept(GenerationTargetToDatabase.java:
80) ~[hibernate-core-6.6.4.Final.jar:6.6.4.Final]
  startup_log.txt:353:	... 131 common frames omitted
  startup_log.txt:354:
> startup_log.txt:355:2025-12-26T16:19:23.633-03:00  WARN 154948 
--- [asamblea-backend] [           main] 
o.h.t.s.i.ExceptionHandlerLoggedImpl     : GenerationTarget 
encountered exception accepting command : Error executing DDL 
"alter table asistencias modify column id_operador bigint" via 
JDBC [Cannot change column 'id_operador': used in a foreign key 
constraint 'asistencias_ibfk_3']
  startup_log.txt:356:
> startup_log.txt:357:org.hibernate.tool.schema.spi.CommandAccepta
nceException: Error executing DDL "alter table asistencias modify 
column id_operador bigint" via JDBC [Cannot change column 
'id_operador': used in a foreign key constraint 
'asistencias_ibfk_3']
  startup_log.txt:358:	at org.hibernate.tool.schema.internal.exec.
GenerationTargetToDatabase.accept(GenerationTargetToDatabase.java:
94) ~[hibernate-core-6.6.4.Final.jar:6.6.4.Final]
  startup_log.txt:359:	at org.hibernate.tool.schema.internal.Abstr
actSchemaMigrator.applySqlString(AbstractSchemaMigrator.java:576) 
~[hibernate-core-6.6.4.Final.jar:6.6.4.Final]
  startup_log.txt:360:	at org.hibernate.tool.schema.internal.Abstr
actSchemaMigrator.applySqlStrings(AbstractSchemaMigrator.java:516)
 ~[hibernate-core-6.6.4.Final.jar:6.6.4.Final]
  startup_log.txt:361:	at org.hibernate.tool.schema.internal.Abstr
actSchemaMigrator.migrateTable(AbstractSchemaMigrator.java:334) 
~[hibernate-core-6.6.4.Final.jar:6.6.4.Final]
  startup_log.txt:362:	at org.hibernate.tool.schema.internal.Group
edSchemaMigratorImpl.performTablesMigration(GroupedSchemaMigratorI
mpl.java:84) ~[hibernate-core-6.6.4.Final.jar:6.6.4.Final]
  startup_log.txt:485:	at org.springframework.boot.SpringApplicati
on.refreshContext(SpringApplication.java:439) 
~[spring-boot-3.4.1.jar:3.4.1]
  startup_log.txt:486:	at org.springframework.boot.SpringApplicati
on.run(SpringApplication.java:318) ~[spring-boot-3.4.1.jar:3.4.1]
  startup_log.txt:487:	at org.springframework.boot.SpringApplicati
on.run(SpringApplication.java:1361) ~[spring-boot-3.4.1.jar:3.4.1]
  startup_log.txt:488:	at org.springframework.boot.SpringApplicati
on.run(SpringApplication.java:1350) ~[spring-boot-3.4.1.jar:3.4.1]
  startup_log.txt:489:	at com.asamblea.AsambleaApplication.main(As
ambleaApplication.java:14) ~[classes/:na]
> startup_log.txt:490:Caused by: java.sql.SQLException: Cannot 
change column 'id_operador': used in a foreign key constraint 
'asistencias_ibfk_3'
> startup_log.txt:491:	at com.mysql.cj.jdbc.exceptions.SQLError.cr
eateSQLException(SQLError.java:121) 
~[mysql-connector-j-9.1.0.jar:9.1.0]
  startup_log.txt:492:	at com.mysql.cj.jdbc.exceptions.SQLExceptio
nsMapping.translateException(SQLExceptionsMapping.java:114) 
~[mysql-connector-j-9.1.0.jar:9.1.0]
  startup_log.txt:493:	at com.mysql.cj.jdbc.StatementImpl.executeI
nternal(StatementImpl.java:837) 
~[mysql-connector-j-9.1.0.jar:9.1.0]
  startup_log.txt:494:	at 
com.mysql.cj.jdbc.StatementImpl.execute(StatementImpl.java:685) 
~[mysql-connector-j-9.1.0.jar:9.1.0]
  startup_log.txt:495:	at com.zaxxer.hikari.pool.ProxyStatement.ex
ecute(ProxyStatement.java:94) ~[HikariCP-5.1.0.jar:na]
  startup_log.txt:496:	at com.zaxxer.hikari.pool.HikariProxyStatem
ent.execute(HikariProxyStatement.java) ~[HikariCP-5.1.0.jar:na]
  startup_log.txt:497:	at org.hibernate.tool.schema.internal.exec.
GenerationTargetToDatabase.accept(GenerationTargetToDatabase.java:
80) ~[hibernate-core-6.6.4.Final.jar:6.6.4.Final]
  startup_log.txt:498:	... 131 common frames omitted
  startup_log.txt:499:
> startup_log.txt:500:2025-12-26T16:19:23.636-03:00  WARN 154948 
--- [asamblea-backend] [           main] 
o.h.t.s.i.ExceptionHandlerLoggedImpl     : GenerationTarget 
encountered exception accepting command : Error executing DDL 
"alter table asistencias modify column id_socio bigint not null" 
via JDBC [Cannot change column 'id_socio': used in a foreign key 
constraint 'asistencias_ibfk_2']
  startup_log.txt:501:
> startup_log.txt:502:org.hibernate.tool.schema.spi.CommandAccepta
nceException: Error executing DDL "alter table asistencias modify 
column id_socio bigint not null" via JDBC [Cannot change column 
'id_socio': used in a foreign key constraint 'asistencias_ibfk_2']
  startup_log.txt:503:	at org.hibernate.tool.schema.internal.exec.
GenerationTargetToDatabase.accept(GenerationTargetToDatabase.java:
94) ~[hibernate-core-6.6.4.Final.jar:6.6.4.Final]
  startup_log.txt:504:	at org.hibernate.tool.schema.internal.Abstr
actSchemaMigrator.applySqlString(AbstractSchemaMigrator.java:576) 
~[hibernate-core-6.6.4.Final.jar:6.6.4.Final]
  startup_log.txt:505:	at org.hibernate.tool.schema.internal.Abstr
actSchemaMigrator.applySqlStrings(AbstractSchemaMigrator.java:516)
 ~[hibernate-core-6.6.4.Final.jar:6.6.4.Final]
  startup_log.txt:506:	at org.hibernate.tool.schema.internal.Abstr
actSchemaMigrator.migrateTable(AbstractSchemaMigrator.java:334) 
~[hibernate-core-6.6.4.Final.jar:6.6.4.Final]
  startup_log.txt:507:	at org.hibernate.tool.schema.internal.Group
edSchemaMigratorImpl.performTablesMigration(GroupedSchemaMigratorI
mpl.java:84) ~[hibernate-core-6.6.4.Final.jar:6.6.4.Final]
  startup_log.txt:630:	at org.springframework.boot.SpringApplicati
on.refreshContext(SpringApplication.java:439) 
~[spring-boot-3.4.1.jar:3.4.1]
  startup_log.txt:631:	at org.springframework.boot.SpringApplicati
on.run(SpringApplication.java:318) ~[spring-boot-3.4.1.jar:3.4.1]
  startup_log.txt:632:	at org.springframework.boot.SpringApplicati
on.run(SpringApplication.java:1361) ~[spring-boot-3.4.1.jar:3.4.1]
  startup_log.txt:633:	at org.springframework.boot.SpringApplicati
on.run(SpringApplication.java:1350) ~[spring-boot-3.4.1.jar:3.4.1]
  startup_log.txt:634:	at com.asamblea.AsambleaApplication.main(As
ambleaApplication.java:14) ~[classes/:na]
> startup_log.txt:635:Caused by: java.sql.SQLException: Cannot 
change column 'id_socio': used in a foreign key constraint 
'asistencias_ibfk_2'
> startup_log.txt:636:	at com.mysql.cj.jdbc.exceptions.SQLError.cr
eateSQLException(SQLError.java:121) 
~[mysql-connector-j-9.1.0.jar:9.1.0]
  startup_log.txt:637:	at com.mysql.cj.jdbc.exceptions.SQLExceptio
nsMapping.translateException(SQLExceptionsMapping.java:114) 
~[mysql-connector-j-9.1.0.jar:9.1.0]
  startup_log.txt:638:	at com.mysql.cj.jdbc.StatementImpl.executeI
nternal(StatementImpl.java:837) 
~[mysql-connector-j-9.1.0.jar:9.1.0]
  startup_log.txt:639:	at 
com.mysql.cj.jdbc.StatementImpl.execute(StatementImpl.java:685) 
~[mysql-connector-j-9.1.0.jar:9.1.0]
  startup_log.txt:640:	at com.zaxxer.hikari.pool.ProxyStatement.ex
ecute(ProxyStatement.java:94) ~[HikariCP-5.1.0.jar:na]
  startup_log.txt:641:	at com.zaxxer.hikari.pool.HikariProxyStatem
ent.execute(HikariProxyStatement.java) ~[HikariCP-5.1.0.jar:na]
  startup_log.txt:642:	at org.hibernate.tool.schema.internal.exec.
GenerationTargetToDatabase.accept(GenerationTargetToDatabase.java:
80) ~[hibernate-core-6.6.4.Final.jar:6.6.4.Final]
  startup_log.txt:643:	... 131 common frames omitted
  startup_log.txt:644:
> startup_log.txt:645:2025-12-26T16:19:23.640-03:00  WARN 154948 
--- [asamblea-backend] [           main] 
o.h.t.s.i.ExceptionHandlerLoggedImpl     : GenerationTarget 
encountered exception accepting command : Error executing DDL 
"alter table socios modify column id bigint not null 
auto_increment" via JDBC [Cannot change column 'id': used in a 
foreign key constraint 'asignaciones_ibfk_2' of table 
'asamblea_db.asignaciones']
  startup_log.txt:646:
> startup_log.txt:647:org.hibernate.tool.schema.spi.CommandAccepta
nceException: Error executing DDL "alter table socios modify 
column id bigint not null auto_increment" via JDBC [Cannot change 
column 'id': used in a foreign key constraint 
'asignaciones_ibfk_2' of table 'asamblea_db.asignaciones']
  startup_log.txt:648:	at org.hibernate.tool.schema.internal.exec.
GenerationTargetToDatabase.accept(GenerationTargetToDatabase.java:
94) ~[hibernate-core-6.6.4.Final.jar:6.6.4.Final]
  startup_log.txt:649:	at org.hibernate.tool.schema.internal.Abstr
actSchemaMigrator.applySqlString(AbstractSchemaMigrator.java:576) 
~[hibernate-core-6.6.4.Final.jar:6.6.4.Final]
  startup_log.txt:650:	at org.hibernate.tool.schema.internal.Abstr
actSchemaMigrator.applySqlStrings(AbstractSchemaMigrator.java:516)
 ~[hibernate-core-6.6.4.Final.jar:6.6.4.Final]
  startup_log.txt:651:	at org.hibernate.tool.schema.internal.Abstr
actSchemaMigrator.migrateTable(AbstractSchemaMigrator.java:334) 
~[hibernate-core-6.6.4.Final.jar:6.6.4.Final]
  startup_log.txt:652:	at org.hibernate.tool.schema.internal.Group
edSchemaMigratorImpl.performTablesMigration(GroupedSchemaMigratorI
mpl.java:84) ~[hibernate-core-6.6.4.Final.jar:6.6.4.Final]
  startup_log.txt:775:	at org.springframework.boot.SpringApplicati
on.refreshContext(SpringApplication.java:439) 
~[spring-boot-3.4.1.jar:3.4.1]
  startup_log.txt:776:	at org.springframework.boot.SpringApplicati
on.run(SpringApplication.java:318) ~[spring-boot-3.4.1.jar:3.4.1]
  startup_log.txt:777:	at org.springframework.boot.SpringApplicati
on.run(SpringApplication.java:1361) ~[spring-boot-3.4.1.jar:3.4.1]
  startup_log.txt:778:	at org.springframework.boot.SpringApplicati
on.run(SpringApplication.java:1350) ~[spring-boot-3.4.1.jar:3.4.1]
  startup_log.txt:779:	at com.asamblea.AsambleaApplication.main(As
ambleaApplication.java:14) ~[classes/:na]
> startup_log.txt:780:Caused by: java.sql.SQLException: Cannot 
change column 'id': used in a foreign key constraint 
'asignaciones_ibfk_2' of table 'asamblea_db.asignaciones'
> startup_log.txt:781:	at com.mysql.cj.jdbc.exceptions.SQLError.cr
eateSQLException(SQLError.java:121) 
~[mysql-connector-j-9.1.0.jar:9.1.0]
  startup_log.txt:782:	at com.mysql.cj.jdbc.exceptions.SQLExceptio
nsMapping.translateException(SQLExceptionsMapping.java:114) 
~[mysql-connector-j-9.1.0.jar:9.1.0]
  startup_log.txt:783:	at com.mysql.cj.jdbc.StatementImpl.executeI
nternal(StatementImpl.java:837) 
~[mysql-connector-j-9.1.0.jar:9.1.0]
  startup_log.txt:784:	at 
com.mysql.cj.jdbc.StatementImpl.execute(StatementImpl.java:685) 
~[mysql-connector-j-9.1.0.jar:9.1.0]
  startup_log.txt:785:	at com.zaxxer.hikari.pool.ProxyStatement.ex
ecute(ProxyStatement.java:94) ~[HikariCP-5.1.0.jar:na]
  startup_log.txt:786:	at com.zaxxer.hikari.pool.HikariProxyStatem
ent.execute(HikariProxyStatement.java) ~[HikariCP-5.1.0.jar:na]
  startup_log.txt:787:	at org.hibernate.tool.schema.internal.exec.
GenerationTargetToDatabase.accept(GenerationTargetToDatabase.java:
80) ~[hibernate-core-6.6.4.Final.jar:6.6.4.Final]
  startup_log.txt:788:	... 131 common frames omitted
  startup_log.txt:789:
> startup_log.txt:790:2025-12-26T16:19:23.643-03:00  WARN 154948 
--- [asamblea-backend] [           main] 
o.h.t.s.i.ExceptionHandlerLoggedImpl     : GenerationTarget 
encountered exception accepting command : Error executing DDL 
"alter table socios modify column id_sucursal bigint" via JDBC 
[Cannot change column 'id_sucursal': used in a foreign key 
constraint 'FKefcefwjoegq19pcynv3pupvgf']
  startup_log.txt:791:
> startup_log.txt:792:org.hibernate.tool.schema.spi.CommandAccepta
nceException: Error executing DDL "alter table socios modify 
column id_sucursal bigint" via JDBC [Cannot change column 
'id_sucursal': used in a foreign key constraint 
'FKefcefwjoegq19pcynv3pupvgf']
  startup_log.txt:793:	at org.hibernate.tool.schema.internal.exec.
GenerationTargetToDatabase.accept(GenerationTargetToDatabase.java:
94) ~[hibernate-core-6.6.4.Final.jar:6.6.4.Final]
  startup_log.txt:794:	at org.hibernate.tool.schema.internal.Abstr
actSchemaMigrator.applySqlString(AbstractSchemaMigrator.java:576) 
~[hibernate-core-6.6.4.Final.jar:6.6.4.Final]
  startup_log.txt:795:	at org.hibernate.tool.schema.internal.Abstr
actSchemaMigrator.applySqlStrings(AbstractSchemaMigrator.java:516)
 ~[hibernate-core-6.6.4.Final.jar:6.6.4.Final]
  startup_log.txt:796:	at org.hibernate.tool.schema.internal.Abstr
actSchemaMigrator.migrateTable(AbstractSchemaMigrator.java:334) 
~[hibernate-core-6.6.4.Final.jar:6.6.4.Final]
  startup_log.txt:797:	at org.hibernate.tool.schema.internal.Group
edSchemaMigratorImpl.performTablesMigration(GroupedSchemaMigratorI
mpl.java:84) ~[hibernate-core-6.6.4.Final.jar:6.6.4.Final]
  startup_log.txt:920:	at org.springframework.boot.SpringApplicati
on.refreshContext(SpringApplication.java:439) 
~[spring-boot-3.4.1.jar:3.4.1]
  startup_log.txt:921:	at org.springframework.boot.SpringApplicati
on.run(SpringApplication.java:318) ~[spring-boot-3.4.1.jar:3.4.1]
  startup_log.txt:922:	at org.springframework.boot.SpringApplicati
on.run(SpringApplication.java:1361) ~[spring-boot-3.4.1.jar:3.4.1]
  startup_log.txt:923:	at org.springframework.boot.SpringApplicati
on.run(SpringApplication.java:1350) ~[spring-boot-3.4.1.jar:3.4.1]
  startup_log.txt:924:	at com.asamblea.AsambleaApplication.main(As
ambleaApplication.java:14) ~[classes/:na]
> startup_log.txt:925:Caused by: java.sql.SQLException: Cannot 
change column 'id_sucursal': used in a foreign key constraint 
'FKefcefwjoegq19pcynv3pupvgf'
> startup_log.txt:926:	at com.mysql.cj.jdbc.exceptions.SQLError.cr
eateSQLException(SQLError.java:121) 
~[mysql-connector-j-9.1.0.jar:9.1.0]
  startup_log.txt:927:	at com.mysql.cj.jdbc.exceptions.SQLExceptio
nsMapping.translateException(SQLExceptionsMapping.java:114) 
~[mysql-connector-j-9.1.0.jar:9.1.0]
  startup_log.txt:928:	at com.mysql.cj.jdbc.StatementImpl.executeI
nternal(StatementImpl.java:837) 
~[mysql-connector-j-9.1.0.jar:9.1.0]
  startup_log.txt:929:	at 
com.mysql.cj.jdbc.StatementImpl.execute(StatementImpl.java:685) 
~[mysql-connector-j-9.1.0.jar:9.1.0]
  startup_log.txt:930:	at com.zaxxer.hikari.pool.ProxyStatement.ex
ecute(ProxyStatement.java:94) ~[HikariCP-5.1.0.jar:na]
  startup_log.txt:931:	at com.zaxxer.hikari.pool.HikariProxyStatem
ent.execute(HikariProxyStatement.java) ~[HikariCP-5.1.0.jar:na]
  startup_log.txt:932:	at org.hibernate.tool.schema.internal.exec.
GenerationTargetToDatabase.accept(GenerationTargetToDatabase.java:
80) ~[hibernate-core-6.6.4.Final.jar:6.6.4.Final]
  startup_log.txt:933:	... 131 common frames omitted
  startup_log.txt:934:
> startup_log.txt:935:2025-12-26T16:19:23.647-03:00  WARN 154948 
--- [asamblea-backend] [           main] 
o.h.t.s.i.ExceptionHandlerLoggedImpl     : GenerationTarget 
encountered exception accepting command : Error executing DDL 
"alter table sucursales modify column id bigint not null 
auto_increment" via JDBC [Cannot change column 'id': used in a 
foreign key constraint 'FKefcefwjoegq19pcynv3pupvgf' of table 
'asamblea_db.socios']
  startup_log.txt:936:
> startup_log.txt:937:org.hibernate.tool.schema.spi.CommandAccepta
nceException: Error executing DDL "alter table sucursales modify 
column id bigint not null auto_increment" via JDBC [Cannot change 
column 'id': used in a foreign key constraint 
'FKefcefwjoegq19pcynv3pupvgf' of table 'asamblea_db.socios']
  startup_log.txt:938:	at org.hibernate.tool.schema.internal.exec.
GenerationTargetToDatabase.accept(GenerationTargetToDatabase.java:
94) ~[hibernate-core-6.6.4.Final.jar:6.6.4.Final]
  startup_log.txt:939:	at org.hibernate.tool.schema.internal.Abstr
actSchemaMigrator.applySqlString(AbstractSchemaMigrator.java:576) 
~[hibernate-core-6.6.4.Final.jar:6.6.4.Final]
  startup_log.txt:940:	at org.hibernate.tool.schema.internal.Abstr
actSchemaMigrator.applySqlStrings(AbstractSchemaMigrator.java:516)
 ~[hibernate-core-6.6.4.Final.jar:6.6.4.Final]
  startup_log.txt:941:	at org.hibernate.tool.schema.internal.Abstr
actSchemaMigrator.migrateTable(AbstractSchemaMigrator.java:334) 
~[hibernate-core-6.6.4.Final.jar:6.6.4.Final]
  startup_log.txt:942:	at org.hibernate.tool.schema.internal.Group
edSchemaMigratorImpl.performTablesMigration(GroupedSchemaMigratorI
mpl.java:84) ~[hibernate-core-6.6.4.Final.jar:6.6.4.Final]
  startup_log.txt:1065:	at org.springframework.boot.SpringApplicat
ion.refreshContext(SpringApplication.java:439) 
~[spring-boot-3.4.1.jar:3.4.1]
  startup_log.txt:1066:	at org.springframework.boot.SpringApplicat
ion.run(SpringApplication.java:318) ~[spring-boot-3.4.1.jar:3.4.1]
  startup_log.txt:1067:	at org.springframework.boot.SpringApplicat
ion.run(SpringApplication.java:1361) 
~[spring-boot-3.4.1.jar:3.4.1]
  startup_log.txt:1068:	at org.springframework.boot.SpringApplicat
ion.run(SpringApplication.java:1350) 
~[spring-boot-3.4.1.jar:3.4.1]
  startup_log.txt:1069:	at com.asamblea.AsambleaApplication.main(A
sambleaApplication.java:14) ~[classes/:na]
> startup_log.txt:1070:Caused by: java.sql.SQLException: Cannot 
change column 'id': used in a foreign key constraint 
'FKefcefwjoegq19pcynv3pupvgf' of table 'asamblea_db.socios'
> startup_log.txt:1071:	at com.mysql.cj.jdbc.exceptions.SQLError.c
reateSQLException(SQLError.java:121) 
~[mysql-connector-j-9.1.0.jar:9.1.0]
  startup_log.txt:1072:	at com.mysql.cj.jdbc.exceptions.SQLExcepti
onsMapping.translateException(SQLExceptionsMapping.java:114) 
~[mysql-connector-j-9.1.0.jar:9.1.0]
  startup_log.txt:1073:	at com.mysql.cj.jdbc.StatementImpl.execute
Internal(StatementImpl.java:837) 
~[mysql-connector-j-9.1.0.jar:9.1.0]
  startup_log.txt:1074:	at 
com.mysql.cj.jdbc.StatementImpl.execute(StatementImpl.java:685) 
~[mysql-connector-j-9.1.0.jar:9.1.0]
  startup_log.txt:1075:	at com.zaxxer.hikari.pool.ProxyStatement.e
xecute(ProxyStatement.java:94) ~[HikariCP-5.1.0.jar:na]
  startup_log.txt:1076:	at com.zaxxer.hikari.pool.HikariProxyState
ment.execute(HikariProxyStatement.java) ~[HikariCP-5.1.0.jar:na]
  startup_log.txt:1077:	at org.hibernate.tool.schema.internal.exec
.GenerationTargetToDatabase.accept(GenerationTargetToDatabase.java
:80) ~[hibernate-core-6.6.4.Final.jar:6.6.4.Final]
  startup_log.txt:1078:	... 131 common frames omitted
  startup_log.txt:1079:
> startup_log.txt:1080:2025-12-26T16:19:23.649-03:00  WARN 154948 
--- [asamblea-backend] [           main] 
o.h.t.s.i.ExceptionHandlerLoggedImpl     : GenerationTarget 
encountered exception accepting command : Error executing DDL 
"alter table usuarios modify column id bigint not null 
auto_increment" via JDBC [Cannot change column 'id': used in a 
foreign key constraint 'asignaciones_ibfk_3' of table 
'asamblea_db.asignaciones']
  startup_log.txt:1081:
> startup_log.txt:1082:org.hibernate.tool.schema.spi.CommandAccept
anceException: Error executing DDL "alter table usuarios modify 
column id bigint not null auto_increment" via JDBC [Cannot change 
column 'id': used in a foreign key constraint 
'asignaciones_ibfk_3' of table 'asamblea_db.asignaciones']
  startup_log.txt:1083:	at org.hibernate.tool.schema.internal.exec
.GenerationTargetToDatabase.accept(GenerationTargetToDatabase.java
:94) ~[hibernate-core-6.6.4.Final.jar:6.6.4.Final]
  startup_log.txt:1084:	at org.hibernate.tool.schema.internal.Abst
ractSchemaMigrator.applySqlString(AbstractSchemaMigrator.java:576)
 ~[hibernate-core-6.6.4.Final.jar:6.6.4.Final]
  startup_log.txt:1085:	at org.hibernate.tool.schema.internal.Abst
ractSchemaMigrator.applySqlStrings(AbstractSchemaMigrator.java:516
) ~[hibernate-core-6.6.4.Final.jar:6.6.4.Final]
  startup_log.txt:1086:	at org.hibernate.tool.schema.internal.Abst
ractSchemaMigrator.migrateTable(AbstractSchemaMigrator.java:334) 
~[hibernate-core-6.6.4.Final.jar:6.6.4.Final]
  startup_log.txt:1087:	at org.hibernate.tool.schema.internal.Grou
pedSchemaMigratorImpl.performTablesMigration(GroupedSchemaMigrator
Impl.java:84) ~[hibernate-core-6.6.4.Final.jar:6.6.4.Final]
  startup_log.txt:1210:	at org.springframework.boot.SpringApplicat
ion.refreshContext(SpringApplication.java:439) 
~[spring-boot-3.4.1.jar:3.4.1]
  startup_log.txt:1211:	at org.springframework.boot.SpringApplicat
ion.run(SpringApplication.java:318) ~[spring-boot-3.4.1.jar:3.4.1]
  startup_log.txt:1212:	at org.springframework.boot.SpringApplicat
ion.run(SpringApplication.java:1361) 
~[spring-boot-3.4.1.jar:3.4.1]
  startup_log.txt:1213:	at org.springframework.boot.SpringApplicat
ion.run(SpringApplication.java:1350) 
~[spring-boot-3.4.1.jar:3.4.1]
  startup_log.txt:1214:	at com.asamblea.AsambleaApplication.main(A
sambleaApplication.java:14) ~[classes/:na]
> startup_log.txt:1215:Caused by: java.sql.SQLException: Cannot 
change column 'id': used in a foreign key constraint 
'asignaciones_ibfk_3' of table 'asamblea_db.asignaciones'
> startup_log.txt:1216:	at com.mysql.cj.jdbc.exceptions.SQLError.c
reateSQLException(SQLError.java:121) 
~[mysql-connector-j-9.1.0.jar:9.1.0]
  startup_log.txt:1217:	at com.mysql.cj.jdbc.exceptions.SQLExcepti
onsMapping.translateException(SQLExceptionsMapping.java:114) 
~[mysql-connector-j-9.1.0.jar:9.1.0]
  startup_log.txt:1218:	at com.mysql.cj.jdbc.StatementImpl.execute
Internal(StatementImpl.java:837) 
~[mysql-connector-j-9.1.0.jar:9.1.0]
  startup_log.txt:1219:	at 
com.mysql.cj.jdbc.StatementImpl.execute(StatementImpl.java:685) 
~[mysql-connector-j-9.1.0.jar:9.1.0]
  startup_log.txt:1220:	at com.zaxxer.hikari.pool.ProxyStatement.e
xecute(ProxyStatement.java:94) ~[HikariCP-5.1.0.jar:na]
  startup_log.txt:1221:	at com.zaxxer.hikari.pool.HikariProxyState
ment.execute(HikariProxyStatement.java) ~[HikariCP-5.1.0.jar:na]
  startup_log.txt:1222:	at org.hibernate.tool.schema.internal.exec
.GenerationTargetToDatabase.accept(GenerationTargetToDatabase.java
:80) ~[hibernate-core-6.6.4.Final.jar:6.6.4.Final]
  startup_log.txt:1223:	... 131 common frames omitted
  startup_log.txt:1224:
> startup_log.txt:1225:2025-12-26T16:19:23.656-03:00  WARN 154948 
--- [asamblea-backend] [           main] 
o.h.t.s.i.ExceptionHandlerLoggedImpl     : GenerationTarget 
encountered exception accepting command : Error executing DDL 
"alter table usuarios modify column id_sucursal bigint" via JDBC 
[Cannot change column 'id_sucursal': used in a foreign key 
constraint 'FKrdbtl0r3fluodpx5x68qcs1j9']
  startup_log.txt:1226:
> startup_log.txt:1227:org.hibernate.tool.schema.spi.CommandAccept
anceException: Error executing DDL "alter table usuarios modify 
column id_sucursal bigint" via JDBC [Cannot change column 
'id_sucursal': used in a foreign key constraint 
'FKrdbtl0r3fluodpx5x68qcs1j9']
  startup_log.txt:1228:	at org.hibernate.tool.schema.internal.exec
.GenerationTargetToDatabase.accept(GenerationTargetToDatabase.java
:94) ~[hibernate-core-6.6.4.Final.jar:6.6.4.Final]
  startup_log.txt:1229:	at org.hibernate.tool.schema.internal.Abst
ractSchemaMigrator.applySqlString(AbstractSchemaMigrator.java:576)
 ~[hibernate-core-6.6.4.Final.jar:6.6.4.Final]
  startup_log.txt:1230:	at org.hibernate.tool.schema.internal.Abst
ractSchemaMigrator.applySqlStrings(AbstractSchemaMigrator.java:516
) ~[hibernate-core-6.6.4.Final.jar:6.6.4.Final]
  startup_log.txt:1231:	at org.hibernate.tool.schema.internal.Abst
ractSchemaMigrator.migrateTable(AbstractSchemaMigrator.java:334) 
~[hibernate-core-6.6.4.Final.jar:6.6.4.Final]
  startup_log.txt:1232:	at org.hibernate.tool.schema.internal.Grou
pedSchemaMigratorImpl.performTablesMigration(GroupedSchemaMigrator
Impl.java:84) ~[hibernate-core-6.6.4.Final.jar:6.6.4.Final]
  startup_log.txt:1355:	at org.springframework.boot.SpringApplicat
ion.refreshContext(SpringApplication.java:439) 
~[spring-boot-3.4.1.jar:3.4.1]
  startup_log.txt:1356:	at org.springframework.boot.SpringApplicat
ion.run(SpringApplication.java:318) ~[spring-boot-3.4.1.jar:3.4.1]
  startup_log.txt:1357:	at org.springframework.boot.SpringApplicat
ion.run(SpringApplication.java:1361) 
~[spring-boot-3.4.1.jar:3.4.1]
  startup_log.txt:1358:	at org.springframework.boot.SpringApplicat
ion.run(SpringApplication.java:1350) 
~[spring-boot-3.4.1.jar:3.4.1]
  startup_log.txt:1359:	at com.asamblea.AsambleaApplication.main(A
sambleaApplication.java:14) ~[classes/:na]
> startup_log.txt:1360:Caused by: java.sql.SQLException: Cannot 
change column 'id_sucursal': used in a foreign key constraint 
'FKrdbtl0r3fluodpx5x68qcs1j9'
> startup_log.txt:1361:	at com.mysql.cj.jdbc.exceptions.SQLError.c
reateSQLException(SQLError.java:121) 
~[mysql-connector-j-9.1.0.jar:9.1.0]
  startup_log.txt:1362:	at com.mysql.cj.jdbc.exceptions.SQLExcepti
onsMapping.translateException(SQLExceptionsMapping.java:114) 
~[mysql-connector-j-9.1.0.jar:9.1.0]
  startup_log.txt:1363:	at com.mysql.cj.jdbc.StatementImpl.execute
Internal(StatementImpl.java:837) 
~[mysql-connector-j-9.1.0.jar:9.1.0]
  startup_log.txt:1364:	at 
com.mysql.cj.jdbc.StatementImpl.execute(StatementImpl.java:685) 
~[mysql-connector-j-9.1.0.jar:9.1.0]
  startup_log.txt:1365:	at com.zaxxer.hikari.pool.ProxyStatement.e
xecute(ProxyStatement.java:94) ~[HikariCP-5.1.0.jar:na]
  startup_log.txt:1366:	at com.zaxxer.hikari.pool.HikariProxyState
ment.execute(HikariProxyStatement.java) ~[HikariCP-5.1.0.jar:na]
  startup_log.txt:1367:	at org.hibernate.tool.schema.internal.exec
.GenerationTargetToDatabase.accept(GenerationTargetToDatabase.java
:80) ~[hibernate-core-6.6.4.Final.jar:6.6.4.Final]
  startup_log.txt:1368:	... 131 common frames omitted
  startup_log.txt:1369:
> startup_log.txt:1370:2025-12-26T16:19:23.678-03:00  WARN 154948 
--- [asamblea-backend] [           main] 
o.h.t.s.i.ExceptionHandlerLoggedImpl     : GenerationTarget 
encountered exception accepting command : Error executing DDL 
"alter table asignaciones_socios add constraint 
FKdjj6laouw4gqwic62vsqhxswp foreign key (socio_id) references 
socios (id)" via JDBC [Can't create table 
`asamblea_db`.`asignaciones_socios` (errno: 150 "Foreign key 
constraint is incorrectly formed")]
  startup_log.txt:1371:
> startup_log.txt:1372:org.hibernate.tool.schema.spi.CommandAccept
anceException: Error executing DDL "alter table 
asignaciones_socios add constraint FKdjj6laouw4gqwic62vsqhxswp 
foreign key (socio_id) references socios (id)" via JDBC [Can't 
create table `asamblea_db`.`asignaciones_socios` (errno: 150 
"Foreign key constraint is incorrectly formed")]
  startup_log.txt:1373:	at org.hibernate.tool.schema.internal.exec
.GenerationTargetToDatabase.accept(GenerationTargetToDatabase.java
:94) ~[hibernate-core-6.6.4.Final.jar:6.6.4.Final]
  startup_log.txt:1374:	at org.hibernate.tool.schema.internal.Abst
ractSchemaMigrator.applySqlString(AbstractSchemaMigrator.java:576)
 ~[hibernate-core-6.6.4.Final.jar:6.6.4.Final]
  startup_log.txt:1375:	at org.hibernate.tool.schema.internal.Abst
ractSchemaMigrator.applySqlStrings(AbstractSchemaMigrator.java:516
) ~[hibernate-core-6.6.4.Final.jar:6.6.4.Final]
  startup_log.txt:1376:	at org.hibernate.tool.schema.internal.Abst
ractSchemaMigrator.applyForeignKeys(AbstractSchemaMigrator.java:44
8) ~[hibernate-core-6.6.4.Final.jar:6.6.4.Final]
  startup_log.txt:1377:	at org.hibernate.tool.schema.internal.Abst
ractSchemaMigrator.performMigration(AbstractSchemaMigrator.java:26
9) ~[hibernate-core-6.6.4.Final.jar:6.6.4.Final]
  startup_log.txt:1499:	at org.springframework.boot.SpringApplicat
ion.refreshContext(SpringApplication.java:439) 
~[spring-boot-3.4.1.jar:3.4.1]
  startup_log.txt:1500:	at org.springframework.boot.SpringApplicat
ion.run(SpringApplication.java:318) ~[spring-boot-3.4.1.jar:3.4.1]
  startup_log.txt:1501:	at org.springframework.boot.SpringApplicat
ion.run(SpringApplication.java:1361) 
~[spring-boot-3.4.1.jar:3.4.1]
  startup_log.txt:1502:	at org.springframework.boot.SpringApplicat
ion.run(SpringApplication.java:1350) 
~[spring-boot-3.4.1.jar:3.4.1]
  startup_log.txt:1503:	at com.asamblea.AsambleaApplication.main(A
sambleaApplication.java:14) ~[classes/:na]
> startup_log.txt:1504:Caused by: java.sql.SQLException: Can't 
create table `asamblea_db`.`asignaciones_socios` (errno: 150 
"Foreign key constraint is incorrectly formed")
> startup_log.txt:1505:	at com.mysql.cj.jdbc.exceptions.SQLError.c
reateSQLException(SQLError.java:121) 
~[mysql-connector-j-9.1.0.jar:9.1.0]
  startup_log.txt:1506:	at com.mysql.cj.jdbc.exceptions.SQLExcepti
onsMapping.translateException(SQLExceptionsMapping.java:114) 
~[mysql-connector-j-9.1.0.jar:9.1.0]
  startup_log.txt:1507:	at com.mysql.cj.jdbc.StatementImpl.execute
Internal(StatementImpl.java:837) 
~[mysql-connector-j-9.1.0.jar:9.1.0]
  startup_log.txt:1508:	at 
com.mysql.cj.jdbc.StatementImpl.execute(StatementImpl.java:685) 
~[mysql-connector-j-9.1.0.jar:9.1.0]
  startup_log.txt:1509:	at com.zaxxer.hikari.pool.ProxyStatement.e
xecute(ProxyStatement.java:94) ~[HikariCP-5.1.0.jar:na]
  startup_log.txt:1510:	at com.zaxxer.hikari.pool.HikariProxyState
ment.execute(HikariProxyStatement.java) ~[HikariCP-5.1.0.jar:na]
  startup_log.txt:1511:	at org.hibernate.tool.schema.internal.exec
.GenerationTargetToDatabase.accept(GenerationTargetToDatabase.java
:80) ~[hibernate-core-6.6.4.Final.jar:6.6.4.Final]
  startup_log.txt:1512:	... 130 common frames omitted
  startup_log.txt:1513:
> startup_log.txt:1514:2025-12-26T16:19:23.691-03:00  WARN 154948 
--- [asamblea-backend] [           main] 
o.h.t.s.i.ExceptionHandlerLoggedImpl     : GenerationTarget 
encountered exception accepting command : Error executing DDL 
"alter table listas_asignacion add constraint 
FKlq4l4o6m25vo4df3owdj3cvgl foreign key (user_id) references 
usuarios (id)" via JDBC [Can't create table 
`asamblea_db`.`listas_asignacion` (errno: 150 "Foreign key 
constraint is incorrectly formed")]
  startup_log.txt:1515:
> startup_log.txt:1516:org.hibernate.tool.schema.spi.CommandAccept
anceException: Error executing DDL "alter table listas_asignacion 
add constraint FKlq4l4o6m25vo4df3owdj3cvgl foreign key (user_id) 
references usuarios (id)" via JDBC [Can't create table 
`asamblea_db`.`listas_asignacion` (errno: 150 "Foreign key 
constraint is incorrectly formed")]
  startup_log.txt:1517:	at org.hibernate.tool.schema.internal.exec
.GenerationTargetToDatabase.accept(GenerationTargetToDatabase.java
:94) ~[hibernate-core-6.6.4.Final.jar:6.6.4.Final]
  startup_log.txt:1518:	at org.hibernate.tool.schema.internal.Abst
ractSchemaMigrator.applySqlString(AbstractSchemaMigrator.java:576)
 ~[hibernate-core-6.6.4.Final.jar:6.6.4.Final]
  startup_log.txt:1519:	at org.hibernate.tool.schema.internal.Abst
ractSchemaMigrator.applySqlStrings(AbstractSchemaMigrator.java:516
) ~[hibernate-core-6.6.4.Final.jar:6.6.4.Final]
  startup_log.txt:1520:	at org.hibernate.tool.schema.internal.Abst
ractSchemaMigrator.applyForeignKeys(AbstractSchemaMigrator.java:44
8) ~[hibernate-core-6.6.4.Final.jar:6.6.4.Final]
  startup_log.txt:1521:	at org.hibernate.tool.schema.internal.Abst
ractSchemaMigrator.performMigration(AbstractSchemaMigrator.java:26
9) ~[hibernate-core-6.6.4.Final.jar:6.6.4.Final]
  startup_log.txt:1643:	at org.springframework.boot.SpringApplicat
ion.refreshContext(SpringApplication.java:439) 
~[spring-boot-3.4.1.jar:3.4.1]
  startup_log.txt:1644:	at org.springframework.boot.SpringApplicat
ion.run(SpringApplication.java:318) ~[spring-boot-3.4.1.jar:3.4.1]
  startup_log.txt:1645:	at org.springframework.boot.SpringApplicat
ion.run(SpringApplication.java:1361) 
~[spring-boot-3.4.1.jar:3.4.1]
  startup_log.txt:1646:	at org.springframework.boot.SpringApplicat
ion.run(SpringApplication.java:1350) 
~[spring-boot-3.4.1.jar:3.4.1]
  startup_log.txt:1647:	at com.asamblea.AsambleaApplication.main(A
sambleaApplication.java:14) ~[classes/:na]
> startup_log.txt:1648:Caused by: java.sql.SQLException: Can't 
create table `asamblea_db`.`listas_asignacion` (errno: 150 
"Foreign key constraint is incorrectly formed")
> startup_log.txt:1649:	at com.mysql.cj.jdbc.exceptions.SQLError.c
reateSQLException(SQLError.java:121) 
~[mysql-connector-j-9.1.0.jar:9.1.0]
  startup_log.txt:1650:	at com.mysql.cj.jdbc.exceptions.SQLExcepti
onsMapping.translateException(SQLExceptionsMapping.java:114) 
~[mysql-connector-j-9.1.0.jar:9.1.0]
  startup_log.txt:1651:	at com.mysql.cj.jdbc.StatementImpl.execute
Internal(StatementImpl.java:837) 
~[mysql-connector-j-9.1.0.jar:9.1.0]
  startup_log.txt:1652:	at 
com.mysql.cj.jdbc.StatementImpl.execute(StatementImpl.java:685) 
~[mysql-connector-j-9.1.0.jar:9.1.0]
  startup_log.txt:1653:	at com.zaxxer.hikari.pool.ProxyStatement.e
xecute(ProxyStatement.java:94) ~[HikariCP-5.1.0.jar:na]
  startup_log.txt:1654:	at com.zaxxer.hikari.pool.HikariProxyState
ment.execute(HikariProxyStatement.java) ~[HikariCP-5.1.0.jar:na]
  startup_log.txt:1656:	... 130 common frames omitted
  startup_log.txt:1657:
  startup_log.txt:1658:2025-12-26T16:19:23.698-03:00  INFO 154948 
--- [asamblea-backend] [           main] 
j.LocalContainerEntityManagerFactoryBean : Initialized JPA 
EntityManagerFactory for persistence unit 'default'
  startup_log.txt:1659:2025-12-26T16:19:23.916-03:00  INFO 154948 
--- [asamblea-backend] [           main] 
o.s.d.j.r.query.QueryEnhancerFactory     : Hibernate is in 
classpath; If applicable, HQL parser will be used.
  startup_log.txt:1660:2025-12-26T16:19:24.787-03:00  INFO 154948 
--- [asamblea-backend] [           main] 
eAuthenticationProviderManagerConfigurer : Global 
AuthenticationManager configured with AuthenticationProvider bean 
with name authenticationProvider
> startup_log.txt:1661:2025-12-26T16:19:24.787-03:00  WARN 154948 
--- [asamblea-backend] [           main] 
r$InitializeUserDetailsManagerConfigurer : Global 
AuthenticationManager configured with an AuthenticationProvider 
bean. UserDetailsService beans will not be used by Spring 
Security for automatically configuring username/password login. 
Consider removing the AuthenticationProvider bean. Alternatively, 
consider using the UserDetailsService in a manually instantiated 
DaoAuthenticationProvider. If the current configuration is 
intentional, to turn off this warning, increase the logging level 
of 'org.springframework.security.config.annotation.authentication.
configuration.InitializeUserDetailsBeanManagerConfigurer' to ERROR
  startup_log.txt:1662:2025-12-26T16:19:24.908-03:00  WARN 154948 
--- [asamblea-backend] [           main] 
JpaBaseConfiguration$JpaWebConfiguration : 
spring.jpa.open-in-view is enabled by default. Therefore, 
database queries may be performed during view rendering. 
Explicitly configure spring.jpa.open-in-view to disable this 
warning
  startup_log.txt:1663:2025-12-26T16:19:25.118-03:00  WARN 154948 
--- [asamblea-backend] [           main] 
o.s.s.c.a.web.builders.WebSecurity       : 
  startup_log.txt:1664:
  startup_log.txt:1665:*******************************************
*************************
  startup_log.txt:1666:**********        Security debugging is 
enabled.       *************
  startup_log.txt:1673:2025-12-26T16:19:25.282-03:00  INFO 154948 
--- [asamblea-backend] [           main] 
j.LocalContainerEntityManagerFactoryBean : Closing JPA 
EntityManagerFactory for persistence unit 'default'
  startup_log.txt:1674:2025-12-26T16:19:25.284-03:00  INFO 154948 
--- [asamblea-backend] [           main] 
com.zaxxer.hikari.HikariDataSource       : HikariPool-1 - 
Shutdown initiated...
  startup_log.txt:1675:2025-12-26T16:19:25.289-03:00  INFO 154948 
--- [asamblea-backend] [           main] 
com.zaxxer.hikari.HikariDataSource       : HikariPool-1 - 
Shutdown completed.
  startup_log.txt:1676:2025-12-26T16:19:25.298-03:00  INFO 154948 
--- [asamblea-backend] [           main] 
.s.b.a.l.ConditionEvaluationReportLogger : 
  startup_log.txt:1677:
> startup_log.txt:1678:Error starting ApplicationContext. To 
display the condition evaluation report re-run your application 
with 'debug' enabled.
> startup_log.txt:1679:2025-12-26T16:19:25.308-03:00 ERROR 154948 
--- [asamblea-backend] [           main] 
o.s.b.d.LoggingFailureAnalysisReporter   : 
  startup_log.txt:1680:
  startup_log.txt:1681:***************************
  startup_log.txt:1682:APPLICATION FAILED TO START
  startup_log.txt:1683:***************************
  startup_log.txt:1684:
  startup_log.txt:1694:[INFO] BUILD FAILURE
  startup_log.txt:1695:[INFO] ------------------------------------
------------------------------------
  startup_log.txt:1696:[INFO] Total time:  6.485 s
  startup_log.txt:1697:[INFO] Finished at: 
2025-12-26T16:19:25-03:00
  startup_log.txt:1698:[INFO] ------------------------------------
------------------------------------
> startup_log.txt:1699:[ERROR] Failed to execute goal 
org.springframework.boot:spring-boot-maven-plugin:3.4.1:run 
(default-cli) on project asamblea-backend: Process terminated 
with exit code: 1 -> [Help 1]
> startup_log.txt:1700:[ERROR] 
> startup_log.txt:1701:[ERROR] To see the full stack trace of the 
errors, re-run Maven with the -e switch.
> startup_log.txt:1702:[ERROR] Re-run Maven using the -X switch 
to enable full debug logging.
> startup_log.txt:1703:[ERROR] 
> startup_log.txt:1704:[ERROR] For more information about the 
errors and possible solutions, please read the following articles:
> startup_log.txt:1705:[ERROR] [Help 1] http://cwiki.apache.org/co
nfluence/display/MAVEN/MojoExecutionException


